
> admin-panel-frontend@0.1.0 build
> next build

node.exe : ΓÜá Warning: Next.js 
inferred your workspace root, but 
it may not be correct.
At C:\Program 
Files\nodejs\npm.ps1:29 char:3
+   & $NODE_EXE $NPM_CLI_JS $args
+   ~~~~~~~~~~~~~~~~~~~~~~~~~~~~~
    + CategoryInfo          : NotS 
   pecified: (ΓÜá Warning: Ne...n  
  ot be correct.:String) [], Rem   
 oteException
    + FullyQualifiedErrorId : Nati 
   veCommandError
 
 We detected multiple lockfiles 
and selected the directory of 
C:\Users\Dell\package-lock.json as 
the root directory.
 To silence this warning, set 
`turbopack.root` in your Next.js 
config, or consider removing one 
of the lockfiles if it's not 
needed.
   See https://nextjs.org/docs/app/
api-reference/config/next-config-js
/turbopack#root-directory for more 
information.
 Detected additional lockfiles: 
   * C:\Users\Dell\Desktop\Admin-pa
nel\admin-panel-frontend\package-lo
ck.json

Γû▓ Next.js 16.2.2 (Turbopack)
- Experiments (use with caution):
  ┬╖ cpus: 1

  Creating an optimized production build ...
